MemTotal:       16124400 kB
MemFree:         9084144 kB
MemAvailable:    9736816 kB
Buffers:           48628 kB
Cached:          1572448 kB
SwapCached:            0 kB
Active:          5797500 kB
Inactive:        1044608 kB
Active(anon):    5216656 kB
Inactive(anon):      104 kB
Active(file):     580844 kB
Inactive(file):  1044504 kB
Unevictable:          28 kB
Mlocked:              28 kB
SwapTotal:             0 kB
SwapFree:              0 kB
Dirty:               152 kB
Writeback:             0 kB
AnonPages:       5221052 kB
Mapped:           176928 kB
Shmem:                76 kB
Slab:             117184 kB
SReclaimable:      97652 kB
SUnreclaim:        19532 kB
KernelStack:        6576 kB
PageTables:        16500 kB
NFS_Unstable:          0 kB
Bounce:                0 kB
WritebackTmp:          0 kB
CommitLimit:     8062200 kB
Committed_AS:   15470408 kB
VmallocTotal:   34359738367 kB
VmallocUsed:           0 kB
VmallocChunk:          0 kB
AnonHugePages:         0 kB
ShmemHugePages:        0 kB
ShmemPmdMapped:        0 kB
HugePages_Total:       0
HugePages_Free:        0
HugePages_Rsvd:        0
HugePages_Surp:        0
Hugepagesize:       2048 kB
DirectMap4k:       61416 kB
DirectMap2M:     3825664 kB
DirectMap1G:    12582912 kB